ARM Linker, 4.1 [Build 567] [Evaluation]

==============================================================================

Section Cross References

    practica3.o(codigo) refers to practica3.o(datos) for mat


==============================================================================

Image Symbol Table

    Local Symbols

    Symbol Name                              Value     Ov Type        Size  Object(Section)

    practica3.s                              0x00000000   Number         0  practica3.o ABSOLUTE
    codigo                                   0x40000000   Section      132  practica3.o(codigo)
    datos                                    0x40000084   Section       35  practica3.o(datos)
    mat                                      0x40000084   Data          35  practica3.o(datos)

    Global Symbols

    Symbol Name                              Value     Ov Type        Size  Object(Section)

    BuildAttributes$$THM_ISAv1$ARM_ISAv4$S$PE$A:L22$X:L11$S22$IEEE1$IW$USESV6$~STKCKD$USESV7$~SHL$OSPACE$EBA8$STANDARDLIB$PRES8$EABIv2 0x00000000   Number         0  anon$$obj.o ABSOLUTE



==============================================================================

Memory Map of the image

  Image Entry point : 0x40000000

  Load Region LR_IRAM1 (Base: 0x40000000, Size: 0x000000a8, Max: 0x00004000, ABSOLUTE)

    Execution Region ER_IRAM1 (Base: 0x40000000, Size: 0x000000a8, Max: 0xffffffff, ABSOLUTE)

    Base Addr    Size         Type   Attr      Idx    E Section Name        Object

    0x40000000   0x00000084   Code   RO            2  * codigo              practica3.o
    0x40000084   0x00000023   Data   RW            1    datos               practica3.o


==============================================================================

Image component sizes


      Code (inc. data)   RO Data    RW Data    ZI Data      Debug   Object Name

       132          4          0         35          0        292   practica3.o

    ----------------------------------------------------------------------
       132          4          0         36          0        292   Object Totals
         0          0          0          0          0          0   (incl. Generated)
         0          0          0          1          0          0   (incl. Padding)

    ----------------------------------------------------------------------
         0          0          0          0          0          0   Library Totals
         0          0          0          0          0          0   (incl. Padding)

    ----------------------------------------------------------------------

==============================================================================


      Code (inc. data)   RO Data    RW Data    ZI Data      Debug   

       132          4          0         36          0        292   Grand Totals
       132          4          0         36          0        292   ELF Image Totals
       132          4          0         36          0          0   ROM Totals

==============================================================================

    Total RO  Size (Code + RO Data)                  132 (   0.13kB)
    Total RW  Size (RW Data + ZI Data)                36 (   0.04kB)
    Total ROM Size (Code + RO Data + RW Data)        168 (   0.16kB)

==============================================================================

