ARM Linker, 4.1 [Build 567] [Evaluation]

==============================================================================

Section Cross References

    practica4.o(codigo) refers to practica4.o(datos) for T
    suma.o(codigo) refers to suma.o(datos) for T


==============================================================================

Removing Unused input sections from the image.

    Removing ordena.o(codigo), (228 bytes).

1 unused section(s) (total 228 bytes) removed from the image.

==============================================================================

Image Symbol Table

    Local Symbols

    Symbol Name                              Value     Ov Type        Size  Object(Section)

    ordena.s                                 0x00000000   Number         0  ordena.o ABSOLUTE
    practica4.s                              0x00000000   Number         0  practica4.o ABSOLUTE
    suma.s                                   0x00000000   Number         0  suma.o ABSOLUTE
    codigo                                   0x40000000   Section      316  practica4.o(codigo)
    codigo                                   0x4000013c   Section      112  suma.o(codigo)
    datos                                    0x400001ac   Section       48  practica4.o(datos)
    T                                        0x400001ac   Data          44  practica4.o(datos)
    datos                                    0x400001dc   Section       48  suma.o(datos)
    T                                        0x400001dc   Data          44  suma.o(datos)
    stotal                                   0x40000208   Data           4  suma.o(datos)

    Global Symbols

    Symbol Name                              Value     Ov Type        Size  Object(Section)

    BuildAttributes$$THM_ISAv1$ARM_ISAv4$S$PE$A:L22$X:L11$S22$IEEE1$IW$USESV6$~STKCKD$USESV7$~SHL$OSPACE$EBA8$STANDARDLIB$EABIv2 0x00000000   Number         0  anon$$obj.o ABSOLUTE



==============================================================================

Memory Map of the image

  Image entry point : Not specified.

  Load Region LR_IRAM1 (Base: 0x40000000, Size: 0x0000020c, Max: 0x00004000, ABSOLUTE)

    Execution Region ER_IRAM1 (Base: 0x40000000, Size: 0x0000020c, Max: 0xffffffff, ABSOLUTE)

    Base Addr    Size         Type   Attr      Idx    E Section Name        Object

    0x40000000   0x0000013c   Code   RO            2  * codigo              practica4.o
    0x4000013c   0x00000070   Code   RO           11  * codigo              suma.o
    0x400001ac   0x00000030   Data   RW            1    datos               practica4.o
    0x400001dc   0x00000030   Data   RW           10    datos               suma.o


==============================================================================

Image component sizes


      Code (inc. data)   RO Data    RW Data    ZI Data      Debug   Object Name

       316          4          0         48          0        344   practica4.o
       112          8          0         48          0        248   suma.o

    ----------------------------------------------------------------------
       428         12          0         96          0        592   Object Totals
         0          0          0          0          0          0   (incl. Generated)
         0          0          0          0          0          0   (incl. Padding)

    ----------------------------------------------------------------------
         0          0          0          0          0          0   Library Totals
         0          0          0          0          0          0   (incl. Padding)

    ----------------------------------------------------------------------

==============================================================================


      Code (inc. data)   RO Data    RW Data    ZI Data      Debug   

       428         12          0         96          0        592   Grand Totals
       428         12          0         96          0        592   ELF Image Totals
       428         12          0         96          0          0   ROM Totals

==============================================================================

    Total RO  Size (Code + RO Data)                  428 (   0.42kB)
    Total RW  Size (RW Data + ZI Data)                96 (   0.09kB)
    Total ROM Size (Code + RO Data + RW Data)        524 (   0.51kB)

==============================================================================

