ARM Linker, 4.1 [Build 567] [Evaluation]

==============================================================================

Section Cross References

    practica2.o(codigo) refers to practica2.o(datos) for tabla1
    practica2_2.o(codigo) refers to practica2_2.o(datos) for trad


==============================================================================

Image Symbol Table

    Local Symbols

    Symbol Name                              Value     Ov Type        Size  Object(Section)

    practica2.s                              0x00000000   Number         0  practica2.o ABSOLUTE
    practica2_2.s                            0x00000000   Number         0  practica2_2.o ABSOLUTE
    codigo                                   0x40000000   Section      112  practica2.o(codigo)
    codigo                                   0x40000070   Section       64  practica2_2.o(codigo)
    datos                                    0x400000b0   Section     2048  practica2.o(datos)
    tabla1                                   0x400000b0   Data         512  practica2.o(datos)
    tabla2                                   0x400002b0   Data         512  practica2.o(datos)
    tabla3                                   0x400004b0   Data         512  practica2.o(datos)
    tabla4                                   0x400006b0   Data         512  practica2.o(datos)
    datos                                    0x400008b0   Section       36  practica2_2.o(datos)
    t4fin                                    0x400008b0   Data           0  practica2.o(datos)
    trad                                     0x400008b0   Data          22  practica2_2.o(datos)
    finm                                     0x400008c6   Data           1  practica2_2.o(datos)
    msj                                      0x400008c7   Data          13  practica2_2.o(datos)
    msjf                                     0x400008d4   Data           0  practica2_2.o(datos)

    Global Symbols

    Symbol Name                              Value     Ov Type        Size  Object(Section)

    BuildAttributes$$THM_ISAv1$ARM_ISAv4$S$PE$A:L22$X:L11$S22$IEEE1$IW$USESV6$~STKCKD$USESV7$~SHL$OSPACE$EBA8$STANDARDLIB$PRES8$EABIv2 0x00000000   Number         0  anon$$obj.o ABSOLUTE



==============================================================================

Memory Map of the image

  Image entry point : Not specified.

  Load Region LR_IRAM1 (Base: 0x40000000, Size: 0x000008d4, Max: 0x00004000, ABSOLUTE)

    Execution Region ER_IRAM1 (Base: 0x40000000, Size: 0x000008d4, Max: 0xffffffff, ABSOLUTE)

    Base Addr    Size         Type   Attr      Idx    E Section Name        Object

    0x40000000   0x00000070   Code   RO            2  * codigo              practica2.o
    0x40000070   0x00000040   Code   RO            8  * codigo              practica2_2.o
    0x400000b0   0x00000800   Data   RW            1    datos               practica2.o
    0x400008b0   0x00000024   Data   RW            7    datos               practica2_2.o


==============================================================================

Image component sizes


      Code (inc. data)   RO Data    RW Data    ZI Data      Debug   Object Name

       112         20          0       2048          0        204   practica2.o
        64         16          0         36          0        160   practica2_2.o

    ----------------------------------------------------------------------
       176         36          0       2084          0        364   Object Totals
         0          0          0          0          0          0   (incl. Generated)
         0          0          0          0          0          0   (incl. Padding)

    ----------------------------------------------------------------------
         0          0          0          0          0          0   Library Totals
         0          0          0          0          0          0   (incl. Padding)

    ----------------------------------------------------------------------

==============================================================================


      Code (inc. data)   RO Data    RW Data    ZI Data      Debug   

       176         36          0       2084          0        364   Grand Totals
       176         36          0       2084          0        364   ELF Image Totals
       176         36          0       2084          0          0   ROM Totals

==============================================================================

    Total RO  Size (Code + RO Data)                  176 (   0.17kB)
    Total RW  Size (RW Data + ZI Data)              2084 (   2.04kB)
    Total ROM Size (Code + RO Data + RW Data)       2260 (   2.21kB)

==============================================================================

