ARM Linker, 4.1 [Build 567] [Evaluation]

==============================================================================

Section Cross References

    startup.o(RESET) refers to startup.o(STACK) for Stack_Top
    startup.o(RESET) refers to prac5.o(codigo) for inicio
    startup.o(.text) refers to startup.o(HEAP) for Heap_Mem
    startup.o(.text) refers to startup.o(STACK) for Stack_Mem
    prac5.o(datos) refers to prac5.o(codigo) for Boton1
    prac5.o(codigo) refers to prac5.o(datos) for boton_so


==============================================================================

Removing Unused input sections from the image.

    Removing startup.o(HEAP), (0 bytes).
    Removing startup.o(.text), (28 bytes).

2 unused section(s) (total 28 bytes) removed from the image.

==============================================================================

Image Symbol Table

    Local Symbols

    Symbol Name                              Value     Ov Type        Size  Object(Section)

    RESET                                    0x00000000   Section      404  startup.o(RESET)
    Startup.s                                0x00000000   Number         0  startup.o ABSOLUTE
    prac5.s                                  0x00000000   Number         0  prac5.o ABSOLUTE
    RSE_Undef                                0x00000040   ARM Code       4  startup.o(RESET)
    RSE_SWI                                  0x00000044   ARM Code       4  startup.o(RESET)
    RSE_PAbt                                 0x00000048   ARM Code       4  startup.o(RESET)
    RSE_DAbt                                 0x0000004c   ARM Code       4  startup.o(RESET)
    RSE_IRQ                                  0x00000050   ARM Code       4  startup.o(RESET)
    RSE_FIQ                                  0x00000054   ARM Code       4  startup.o(RESET)
    RSE_Reset                                0x00000058   ARM Code       0  startup.o(RESET)
    chanel2irq                               0x000000fc   Data          16  startup.o(RESET)
    codigo                                   0x40000000   Section     1248  prac5.o(codigo)
    RSI_reloj                                0x40000304   ARM Code       0  prac5.o(codigo)
    RSI_boton                                0x40000354   ARM Code       0  prac5.o(codigo)
    Boton1                                   0x400003a8   ARM Code       0  prac5.o(codigo)
    Boton2                                   0x400003b8   ARM Code       0  prac5.o(codigo)
    Boton3                                   0x400003d4   ARM Code       0  prac5.o(codigo)
    Boton4                                   0x400003f0   ARM Code       0  prac5.o(codigo)
    Boton5                                   0x4000040c   ARM Code       0  prac5.o(codigo)
    Boton6                                   0x40000428   ARM Code       0  prac5.o(codigo)
    Boton7                                   0x40000444   ARM Code       0  prac5.o(codigo)
    datos                                    0x400004e0   Section      575  prac5.o(datos)
    cuerpo                                   0x400004e0   Data         512  prac5.o(datos)
    T_Saltos                                 0x400006e0   Data          28  prac5.o(datos)
    Posicion_INI                             0x400006fc   Data           4  prac5.o(datos)
    k                                        0x40000700   Data           4  prac5.o(datos)
    Pantalla                                 0x40000704   Data           4  prac5.o(datos)
    reloj_so                                 0x40000708   Data           4  prac5.o(datos)
    reloj                                    0x4000070c   Data           4  prac5.o(datos)
    boton_so                                 0x40000710   Data           4  prac5.o(datos)
    max                                      0x40000714   Data           4  prac5.o(datos)
    dirx                                     0x40000718   Data           1  prac5.o(datos)
    diry                                     0x40000719   Data           1  prac5.o(datos)
    fila_actual                              0x4000071a   Data           1  prac5.o(datos)
    columna_actual                           0x4000071b   Data           1  prac5.o(datos)
    fin                                      0x4000071c   Data           1  prac5.o(datos)
    k_counter                                0x4000071d   Data           1  prac5.o(datos)
    flag_start                               0x4000071e   Data           1  prac5.o(datos)
    STACK                                    0x40000720   Section     2048  startup.o(STACK)
    Stack_Mem                                0x40000720   Data           0  startup.o(STACK)
    Stack_Top                                0x40000f20   Data           0  startup.o(STACK)

    Global Symbols

    Symbol Name                              Value     Ov Type        Size  Object(Section)

    BuildAttributes$$THM_ISAv1$ARM_ISAv4$S$PE$A:L22$X:L11$S22$IEEE1$IW$USESV6$~STKCKD$USESV7$~SHL$OSPACE$EBA8$STANDARDLIB$EABIv2 0x00000000   Number         0  anon$$obj.o ABSOLUTE
    inicio                                   0x40000000   ARM Code       0  prac5.o(codigo)



==============================================================================

Memory Map of the image

  Image Entry point : 0x00000000

  Load Region LR_IROM1 (Base: 0x00000000, Size: 0x00000194, Max: 0x00020000, ABSOLUTE)

    Execution Region ER_IROM1 (Base: 0x00000000, Size: 0x00000194, Max: 0xffffffff, ABSOLUTE)

    Base Addr    Size         Type   Attr      Idx    E Section Name        Object

    0x00000000   0x00000194   Code   RO            3  * RESET               startup.o



  Load Region LR_IRAM1 (Base: 0x40000000, Size: 0x00000720, Max: 0x00008000, ABSOLUTE)

    Execution Region ER_IRAM1 (Base: 0x40000000, Size: 0x00000f20, Max: 0xffffffff, ABSOLUTE)

    Base Addr    Size         Type   Attr      Idx    E Section Name        Object

    0x40000000   0x000004e0   Code   RO           12    codigo              prac5.o
    0x400004e0   0x0000023f   Data   RW           11    datos               prac5.o
    0x4000071f   0x00000001   PAD
    0x40000720   0x00000800   Zero   RW            1    STACK               startup.o


==============================================================================

Image component sizes


      Code (inc. data)   RO Data    RW Data    ZI Data      Debug   Object Name

      1248        104          0        575          0        524   prac5.o
       404         92          0          0       2048        376   startup.o

    ----------------------------------------------------------------------
      1652        196          0        576       2048        900   Object Totals
         0          0          0          0          0          0   (incl. Generated)
         0          0          0          1          0          0   (incl. Padding)

    ----------------------------------------------------------------------
         0          0          0          0          0          0   Library Totals
         0          0          0          0          0          0   (incl. Padding)

    ----------------------------------------------------------------------

==============================================================================


      Code (inc. data)   RO Data    RW Data    ZI Data      Debug   

      1652        196          0        576       2048        900   Grand Totals
      1652        196          0        576       2048        900   ELF Image Totals
      1652        196          0        576          0          0   ROM Totals

==============================================================================

    Total RO  Size (Code + RO Data)                 1652 (   1.61kB)
    Total RW  Size (RW Data + ZI Data)              2624 (   2.56kB)
    Total ROM Size (Code + RO Data + RW Data)       2228 (   2.18kB)

==============================================================================

